// Jest Snapshot v1, https://goo.gl/fbAQLP

exports[`additionalProperties should generate the schema correctly: schema 1`] = `
"schema {
  query: Query
}

directive @dictionary(subgraph: String) on FIELD_DEFINITION

directive @globalOptions(subgraph: String, endpoint: String, operationHeaders: ObjMap, queryStringOptions: ObjMap, queryParams: ObjMap) on OBJECT

directive @handler(subgraph: String, name: String, options: ObjMap) on OBJECT

directive @httpOperation(subgraph: String, path: String, operationSpecificHeaders: ObjMap, httpMethod: HTTPMethod, isBinary: Boolean, requestBaseBody: ObjMap, queryParamArgMap: ObjMap, queryStringOptionsByParam: ObjMap) on FIELD_DEFINITION

type Query @globalOptions(subgraph: "additionalPropertiesTest", endpoint: "http://localhost:3000") @handler(subgraph: "additionalPropertiesTest", name: "openapi") {
  test: test_200_response @httpOperation(subgraph: "additionalPropertiesTest", path: "/test", operationSpecificHeaders: "{\\"accept\\":\\"application/json\\"}", httpMethod: GET)
}

type test_200_response {
  id: String
  foo: query_test_foo
  qux: query_test_qux
}

type query_test_foo {
  bar: String
}

type query_test_qux {
  quux: String
  additionalProperties: [query_test_qux_additionalProperties_entry] @dictionary(subgraph: "additionalPropertiesTest")
}

type query_test_qux_additionalProperties_entry {
  key: ID!
  value: query_test_qux_additionalProperties
}

type query_test_qux_additionalProperties {
  corge: String
}

scalar ObjMap

enum HTTPMethod {
  GET
  HEAD
  POST
  PUT
  DELETE
  CONNECT
  OPTIONS
  TRACE
  PATCH
}"
`;
