// Jest Snapshot v1, https://goo.gl/fbAQLP

exports[`Discriminator Mapping should generate correct schema: discriminator-mapping 1`] = `
"schema {
  query: Query
}

directive @oneOf on OBJECT | INTERFACE | INPUT_OBJECT

directive @discriminator(subgraph: String, field: String, mapping: ObjMap) on INTERFACE | UNION

directive @globalOptions(subgraph: String, endpoint: String, operationHeaders: ObjMap, queryStringOptions: ObjMap, queryParams: ObjMap) on OBJECT

directive @handler(subgraph: String, name: String, options: ObjMap) on OBJECT

directive @httpOperation(subgraph: String, path: String, operationSpecificHeaders: ObjMap, httpMethod: HTTPMethod, isBinary: Boolean, requestBaseBody: ObjMap, queryParamArgMap: ObjMap, queryStringOptionsByParam: ObjMap) on FIELD_DEFINITION

type Query @globalOptions(subgraph: "test") @handler(subgraph: "test", name: "openapi") {
  pets_by_id(id: String!): Pet @httpOperation(subgraph: "test", path: "/pets/{args.id}", operationSpecificHeaders: "{\\"accept\\":\\"application/json\\"}", httpMethod: GET)
}

union Pet @discriminator(subgraph: "test", field: "petType", mapping: "{\\"Dog\\":\\"DogDifferent\\",\\"Cat\\":\\"Cat\\"}") = Cat | DogDifferent

type Cat {
  petType: String
  cat_exclusive: String
}

type DogDifferent {
  petType: String
  dog_exclusive: String
}

scalar ObjMap

enum HTTPMethod {
  GET
  HEAD
  POST
  PUT
  DELETE
  CONNECT
  OPTIONS
  TRACE
  PATCH
}"
`;
