// Jest Snapshot v1, https://goo.gl/fbAQLP

exports[`Escaped Values should generate the correct schema: escaped_values-schema 1`] = `
"schema {
  query: Query
}

directive @enum(subgraph: String, value: String) on ENUM_VALUE

directive @globalOptions(subgraph: String, endpoint: String, operationHeaders: ObjMap, queryStringOptions: ObjMap, queryParams: ObjMap) on OBJECT

directive @httpOperation(subgraph: String, path: String, operationSpecificHeaders: ObjMap, httpMethod: HTTPMethod, isBinary: Boolean, requestBaseBody: ObjMap, queryParamArgMap: ObjMap, queryStringOptionsByParam: ObjMap) on FIELD_DEFINITION

type Query @globalOptions(subgraph: "escaped_values", endpoint: "http://localhost:3000/api") {
  test: test_200_response @httpOperation(subgraph: "escaped_values", path: "/test", operationSpecificHeaders: "{\\"accept\\":\\"application/json\\"}", httpMethod: GET)
}

type test_200_response {
  test: query_test_test
}

enum query_test_test {
  NEGATIVE_1 @enum(subgraph: "escaped_values", value: "-1")
  _0 @enum(subgraph: "escaped_values", value: "0")
  _10 @enum(subgraph: "escaped_values", value: "10")
  _15 @enum(subgraph: "escaped_values", value: "15")
  _30 @enum(subgraph: "escaped_values", value: "30")
  _45 @enum(subgraph: "escaped_values", value: "45")
  _60 @enum(subgraph: "escaped_values", value: "60")
}

scalar ObjMap

enum HTTPMethod {
  GET
  HEAD
  POST
  PUT
  DELETE
  CONNECT
  OPTIONS
  TRACE
  PATCH
}"
`;
